// Jest Snapshot v1, https://goo.gl/fbAQLP

exports[`Post - Author should render correctly 1`] = `
<View
  accessible={true}
  focusable={true}
  isTVSelectable={true}
  onClick={[Function]}
  onResponderGrant={[Function]}
  onResponderMove={[Function]}
  onResponderRelease={[Function]}
  onResponderTerminate={[Function]}
  onResponderTerminationRequest={[Function]}
  onStartShouldSetResponder={[Function]}
  style={
    Object {
      "opacity": 1,
    }
  }
>
  <Text
    className="author__copy"
    style={
      Object {
        "color": "purple",
        "fontWeight": "bold",
        "marginVertical": 5,
        "textAlign": "center",
      }
    }
  >
    
  </Text>
</View>
`;
