// Jest Snapshot v1, https://goo.gl/fbAQLP

exports[`Post - Body should render correctly 1`] = `
<View
  style={
    Object {
      "marginVertical": 5,
    }
  }
>
  <Text
    style={
      Object {
        "color": "orange",
        "textAlign": "center",
      }
    }
  >
    
  </Text>
</View>
`;
