// Jest Snapshot v1, https://goo.gl/fbAQLP

exports[`Post - Author should render correctly 1`] = `
<View
  className="body"
  style={
    Object {
      "marginVertical": 5,
    }
  }
>
  <Text
    className="body__copy"
    style={
      Object {
        "color": "orange",
        "textAlign": "center",
      }
    }
  >
    body
  </Text>
</View>
`;
